[INFO] Scanning for projects...
[INFO] 
[INFO] ---------------------< com.hermes:hermes-backend >----------------------
[INFO] Building hermes-backend 0.0.1-SNAPSHOT
[INFO]   from pom.xml
[INFO] --------------------------------[ jar ]---------------------------------
[INFO] 
[INFO] --- clean:3.3.2:clean (default-clean) @ hermes-backend ---
[INFO] Deleting D:\Documents\Hermes\backend\target
[INFO] 
[INFO] --- resources:3.3.1:resources (default-resources) @ hermes-backend ---
[INFO] Copying 2 resources from src\main\resources to target\classes
[INFO] Copying 1 resource from src\main\resources to target\classes
[INFO] 
[INFO] --- compiler:3.11.0:compile (default-compile) @ hermes-backend ---
[INFO] Changes detected - recompiling the module! :source
[INFO] Compiling 61 source files with javac [debug release 21] to target\classes
[INFO] Annotation processing is enabled because one or more processors were found
  on the class path. A future release of javac may disable annotation processing
  unless at least one processor is specified by name (-processor), or a search
  path is specified (--processor-path, --processor-module-path), or annotation
  processing is enabled explicitly (-proc:only, -proc:full).
  Use -Xlint:-options to suppress this message.
  Use -proc:none to disable annotation processing.
[INFO] -------------------------------------------------------------
[ERROR] COMPILATION ERROR : 
[INFO] -------------------------------------------------------------
[ERROR] /D:/Documents/Hermes/backend/src/main/java/com/hermes/platform/impl/YouTubeAdapter.java:[188,16] constructor CreatorProfile in record com.hermes.domain.model.CreatorProfile cannot be applied to given types;
  required: java.lang.String,java.lang.String,java.lang.String,java.lang.String,java.lang.String,long,long,long,java.util.List<java.lang.String>,java.lang.String,java.util.Map<java.lang.String,java.lang.String>,double,java.time.Instant
  found:    java.lang.String,java.lang.String,java.lang.String,java.lang.String,java.lang.String,long,long,long,java.util.List<java.lang.Object>,java.lang.String,java.util.HashMap<java.lang.Object,java.lang.Object>,double
  reason: actual and formal argument lists differ in length
[ERROR] /D:/Documents/Hermes/backend/src/main/java/com/hermes/controller/SearchController.java:[183,24] constructor GradedCreator in record com.hermes.domain.grading.GradedCreator cannot be applied to given types;
  required: java.lang.String,java.lang.String,java.lang.String,java.lang.String,java.lang.String,com.hermes.domain.grading.CreatorScore,java.util.List<java.lang.String>,long,long,java.time.Instant
  found:    java.lang.String,java.lang.String,java.lang.String,java.lang.String,java.lang.String,com.hermes.domain.grading.CreatorScore,r.getLabel[...].of(),long,long
  reason: actual and formal argument lists differ in length
[ERROR] /D:/Documents/Hermes/backend/src/main/java/com/hermes/ingestion/CreatorIngestionService.java:[235,16] constructor CreatorProfile in record com.hermes.domain.model.CreatorProfile cannot be applied to given types;
  required: java.lang.String,java.lang.String,java.lang.String,java.lang.String,java.lang.String,long,long,long,java.util.List<java.lang.String>,java.lang.String,java.util.Map<java.lang.String,java.lang.String>,double,java.time.Instant
  found:    java.lang.String,<nulltype>,java.lang.String,java.lang.String,java.lang.String,int,int,int,java.util.List<java.lang.Object>,java.lang.String,java.util.HashMap<java.lang.Object,java.lang.Object>,double
  reason: actual and formal argument lists differ in length
[ERROR] /D:/Documents/Hermes/backend/src/main/java/com/hermes/service/RankingService.java:[136,28] constructor GradedCreator in record com.hermes.domain.grading.GradedCreator cannot be applied to given types;
  required: java.lang.String,java.lang.String,java.lang.String,java.lang.String,java.lang.String,com.hermes.domain.grading.CreatorScore,java.util.List<java.lang.String>,long,long,java.time.Instant
  found:    java.lang.String,java.lang.String,java.lang.String,java.lang.String,java.lang.String,com.hermes.domain.grading.CreatorScore,java.util.ArrayList<java.lang.String>,long,long
  reason: actual and formal argument lists differ in length
[ERROR] /D:/Documents/Hermes/backend/src/main/java/com/hermes/service/RankingService.java:[147,25] incompatible types: inference variable T has incompatible bounds
    equality constraints: com.hermes.domain.grading.GradedCreator
    lower bounds: java.lang.Object
[ERROR] /D:/Documents/Hermes/backend/src/main/java/com/hermes/service/GradingService.java:[117,16] constructor GradedCreator in record com.hermes.domain.grading.GradedCreator cannot be applied to given types;
  required: java.lang.String,java.lang.String,java.lang.String,java.lang.String,java.lang.String,com.hermes.domain.grading.CreatorScore,java.util.List<java.lang.String>,long,long,java.time.Instant
  found:    java.lang.String,java.lang.String,java.lang.String,java.lang.String,java.lang.String,com.hermes.domain.grading.CreatorScore,java.util.List<java.lang.String>,long,long
  reason: actual and formal argument lists differ in length
[ERROR] /D:/Documents/Hermes/backend/src/main/java/com/hermes/scoring/VectorScoringService.java:[272,16] constructor GradedCreator in record com.hermes.domain.grading.GradedCreator cannot be applied to given types;
  required: java.lang.String,java.lang.String,java.lang.String,java.lang.String,java.lang.String,com.hermes.domain.grading.CreatorScore,java.util.List<java.lang.String>,long,long,java.time.Instant
  found:    java.lang.String,java.lang.String,java.lang.String,java.lang.String,java.lang.String,com.hermes.domain.grading.CreatorScore,java.util.List<java.lang.String>,long,long
  reason: actual and formal argument lists differ in length
[INFO] 7 errors 
[INFO] -------------------------------------------------------------
[INFO] ------------------------------------------------------------------------
[INFO] BUILD FAILURE
[INFO] ------------------------------------------------------------------------
[INFO] Total time:  5.619 s
[INFO] Finished at: 2026-02-05T01:18:21+05:30
[INFO] ------------------------------------------------------------------------
[ERROR] Failed to execute goal org.apache.maven.plugins:maven-compiler-plugin:3.11.0:compile (default-compile) on project hermes-backend: Compilation failure: Compilation failure: 
[ERROR] /D:/Documents/Hermes/backend/src/main/java/com/hermes/platform/impl/YouTubeAdapter.java:[188,16] constructor CreatorProfile in record com.hermes.domain.model.CreatorProfile cannot be applied to given types;
[ERROR]   required: java.lang.String,java.lang.String,java.lang.String,java.lang.String,java.lang.String,long,long,long,java.util.List<java.lang.String>,java.lang.String,java.util.Map<java.lang.String,java.lang.String>,double,java.time.Instant
[ERROR]   found:    java.lang.String,java.lang.String,java.lang.String,java.lang.String,java.lang.String,long,long,long,java.util.List<java.lang.Object>,java.lang.String,java.util.HashMap<java.lang.Object,java.lang.Object>,double
[ERROR]   reason: actual and formal argument lists differ in length
[ERROR] /D:/Documents/Hermes/backend/src/main/java/com/hermes/controller/SearchController.java:[183,24] constructor GradedCreator in record com.hermes.domain.grading.GradedCreator cannot be applied to given types;
[ERROR]   required: java.lang.String,java.lang.String,java.lang.String,java.lang.String,java.lang.String,com.hermes.domain.grading.CreatorScore,java.util.List<java.lang.String>,long,long,java.time.Instant
[ERROR]   found:    java.lang.String,java.lang.String,java.lang.String,java.lang.String,java.lang.String,com.hermes.domain.grading.CreatorScore,r.getLabel[...].of(),long,long
[ERROR]   reason: actual and formal argument lists differ in length
[ERROR] /D:/Documents/Hermes/backend/src/main/java/com/hermes/ingestion/CreatorIngestionService.java:[235,16] constructor CreatorProfile in record com.hermes.domain.model.CreatorProfile cannot be applied to given types;
[ERROR]   required: java.lang.String,java.lang.String,java.lang.String,java.lang.String,java.lang.String,long,long,long,java.util.List<java.lang.String>,java.lang.String,java.util.Map<java.lang.String,java.lang.String>,double,java.time.Instant
[ERROR]   found:    java.lang.String,<nulltype>,java.lang.String,java.lang.String,java.lang.String,int,int,int,java.util.List<java.lang.Object>,java.lang.String,java.util.HashMap<java.lang.Object,java.lang.Object>,double
[ERROR]   reason: actual and formal argument lists differ in length
[ERROR] /D:/Documents/Hermes/backend/src/main/java/com/hermes/service/RankingService.java:[136,28] constructor GradedCreator in record com.hermes.domain.grading.GradedCreator cannot be applied to given types;
[ERROR]   required: java.lang.String,java.lang.String,java.lang.String,java.lang.String,java.lang.String,com.hermes.domain.grading.CreatorScore,java.util.List<java.lang.String>,long,long,java.time.Instant
[ERROR]   found:    java.lang.String,java.lang.String,java.lang.String,java.lang.String,java.lang.String,com.hermes.domain.grading.CreatorScore,java.util.ArrayList<java.lang.String>,long,long
[ERROR]   reason: actual and formal argument lists differ in length
[ERROR] /D:/Documents/Hermes/backend/src/main/java/com/hermes/service/RankingService.java:[147,25] incompatible types: inference variable T has incompatible bounds
[ERROR]     equality constraints: com.hermes.domain.grading.GradedCreator
[ERROR]     lower bounds: java.lang.Object
[ERROR] /D:/Documents/Hermes/backend/src/main/java/com/hermes/service/GradingService.java:[117,16] constructor GradedCreator in record com.hermes.domain.grading.GradedCreator cannot be applied to given types;
[ERROR]   required: java.lang.String,java.lang.String,java.lang.String,java.lang.String,java.lang.String,com.hermes.domain.grading.CreatorScore,java.util.List<java.lang.String>,long,long,java.time.Instant
[ERROR]   found:    java.lang.String,java.lang.String,java.lang.String,java.lang.String,java.lang.String,com.hermes.domain.grading.CreatorScore,java.util.List<java.lang.String>,long,long
[ERROR]   reason: actual and formal argument lists differ in length
[ERROR] /D:/Documents/Hermes/backend/src/main/java/com/hermes/scoring/VectorScoringService.java:[272,16] constructor GradedCreator in record com.hermes.domain.grading.GradedCreator cannot be applied to given types;
[ERROR]   required: java.lang.String,java.lang.String,java.lang.String,java.lang.String,java.lang.String,com.hermes.domain.grading.CreatorScore,java.util.List<java.lang.String>,long,long,java.time.Instant
[ERROR]   found:    java.lang.String,java.lang.String,java.lang.String,java.lang.String,java.lang.String,com.hermes.domain.grading.CreatorScore,java.util.List<java.lang.String>,long,long
[ERROR]   reason: actual and formal argument lists differ in length
[ERROR] -> [Help 1]
[ERROR] 
[ERROR] To see the full stack trace of the errors, re-run Maven with the -e switch.
[ERROR] Re-run Maven using the -X switch to enable full debug logging.
[ERROR] 
[ERROR] For more information about the errors and possible solutions, please read the following articles:
[ERROR] [Help 1] http://cwiki.apache.org/confluence/display/MAVEN/MojoFailureException
